---------------------------------------------------------------
 Time	clk	rst_n	en	up_down	count	 tc
---------------------------------------------------------------
VCD info: dumpfile counter.vcd opened for output.
   0	0	0	0	1	  x	 x
5000	1	0	0	1	  0	 0
10000	0	0	0	1	  0	 0
15000	1	0	0	1	  0	 0

===== TEST 1 : COUNT UP =====
20000	0	1	1	1	  0	 0
25000	1	1	1	1	  1	 0
30000	0	1	1	1	  1	 0
35000	1	1	1	1	  2	 0
40000	0	1	1	1	  2	 0
45000	1	1	1	1	  3	 0
50000	0	1	1	1	  3	 0
55000	1	1	1	1	  4	 0
60000	0	1	1	1	  4	 0
65000	1	1	1	1	  5	 0
70000	0	1	1	1	  5	 0
75000	1	1	1	1	  6	 0
80000	0	1	1	1	  6	 0
85000	1	1	1	1	  7	 0
90000	0	1	1	1	  7	 0
95000	1	1	1	1	  8	 0
100000	0	1	1	1	  8	 0
105000	1	1	1	1	  9	 0
110000	0	1	1	1	  9	 0

===== TEST 2 : ENABLE = 0 =====
115000	1	1	0	1	 10	 0
120000	0	1	0	1	 10	 0
125000	1	1	0	1	 10	 0
130000	0	1	0	1	 10	 0
135000	1	1	0	1	 10	 0
140000	0	1	0	1	 10	 0
145000	1	1	0	1	 10	 0
150000	0	1	0	1	 10	 0
155000	1	1	0	1	 10	 0
160000	0	1	0	1	 10	 0

===== TEST 3 : COUNT DOWN =====
165000	1	1	1	0	  9	 0
170000	0	1	1	0	  9	 0
175000	1	1	1	0	  8	 0
180000	0	1	1	0	  8	 0
185000	1	1	1	0	  7	 0
190000	0	1	1	0	  7	 0
195000	1	1	1	0	  6	 0
200000	0	1	1	0	  6	 0
205000	1	1	1	0	  5	 0
210000	0	1	1	0	  5	 0
215000	1	1	1	0	  4	 0
220000	0	1	1	0	  4	 0
225000	1	1	1	0	  3	 0
230000	0	1	1	0	  3	 0
235000	1	1	1	0	  2	 0
240000	0	1	1	0	  2	 0
245000	1	1	1	0	  1	 0
250000	0	1	1	0	  1	 0
255000	1	1	1	0	  0	 1
260000	0	1	1	0	  0	 1

===== TEST 4 : OVERFLOW =====
265000	1	1	1	0	255	 0
270000	0	1	1	1	254	 0
275000	1	1	1	1	255	 1
280000	0	1	1	1	255	 1
285000	1	1	1	1	  0	 0
290000	0	1	1	1	  0	 0

===== TEST 5 : UNDERFLOW =====
295000	1	1	1	1	  1	 0
300000	0	1	1	0	  1	 0
305000	1	1	1	0	  0	 1
310000	0	1	1	0	  0	 1
315000	1	1	1	0	255	 0
320000	0	1	1	0	255	 0

===== TEST 6 : TERMINAL COUNT (255) =====
325000	1	1	1	0	254	 0
330000	0	1	1	1	255	 1

===== TEST 7 : TERMINAL COUNT (0) =====
335000	1	1	1	1	  0	 0
340000	0	1	1	0	  0	 1
345000	1	1	1	0	255	 0
350000	0	1	1	0	255	 0
355000	1	1	1	0	254	 0
360000	0	1	1	0	254	 0

Simulation Completed Successfully.
tb/up_down_counter_tb.v:93: $finish called at 365000 (1ps)
365000	1	1	1	0	253	 0
